<html>
<body>
<pre>
<h1>µVision Build Log</h1>
<h2>Tool Versions:</h2>
IDE-Version: ¦ÌVision V5.32.0.0
Copyright (C) 2020 ARM Ltd and ARM Germany GmbH. All rights reserved.
License Information: Jason Lecson, LIF, LIC=IK1BF-61FWJ-NNPAF-6P3K4-PK1D3-NNBMZ
 
Tool Versions:
Toolchain:       MDK-ARM Plus  Version: 5.32.0.0
Toolchain Path:  C:\Keil_v5\ARM\ARMCLANG\Bin
C Compiler:      ArmClang.exe V6.14.1
Assembler:       Armasm.exe V6.14.1
Linker/Locator:  ArmLink.exe V6.14.1
Library Manager: ArmAr.exe V6.14.1
Hex Converter:   FromElf.exe V6.14.1
CPU DLL:         SARMCM3.DLL V5.32.0.0
Dialog DLL:      DCM.DLL V1.17.3.0
Target DLL:      Segger\JL2CM3.dll V2.99.38.0
Dialog DLL:      TCM.DLL V1.46.0.0
 
<h2>Project:</h2>
C:\Users\lujin\Documents\Git\TUT-Robomaster-ElectronicControl\MDK-ARM\TUT-Robomaster-ElectronicControl.uvprojx
Project File Date:  03/20/2021

<h2>Output:</h2>
*** Using Compiler 'V6.14.1', folder: 'C:\Keil_v5\ARM\ARMCLANG\Bin'
Build target 'TUT-Robomaster-ElectronicControl'
compiling can.c...
compiling usart.c...
compiling freertos.c...
compiling spi.c...
assembling startup_stm32f427xx.s...
compiling stm32f4xx_hal_msp.c...
compiling crc.c...
compiling stm32f4xx_it.c...
compiling dma.c...
compiling adc.c...
compiling stm32f4xx_hal_timebase_tim.c...
compiling gpio.c...
compiling main.c...
compiling tim.c...
compiling stm32f4xx_hal_adc.c...
compiling stm32f4xx_hal_adc_ex.c...
compiling stm32f4xx_hal_flash.c...
compiling stm32f4xx_hal_rcc.c...
compiling stm32f4xx_hal_flash_ramfunc.c...
compiling stm32f4xx_hal_flash_ex.c...
compiling stm32f4xx_hal_rcc_ex.c...
compiling stm32f4xx_hal_gpio.c...
compiling stm32f4xx_hal_pwr_ex.c...
compiling stm32f4xx_hal_dma.c...
compiling stm32f4xx_hal_dma_ex.c...
compiling stm32f4xx_hal.c...
compiling stm32f4xx_hal_cortex.c...
compiling stm32f4xx_hal_exti.c...
compiling stm32f4xx_hal_pwr.c...
compiling stm32f4xx_hal_can.c...
compiling croutine.c...
compiling stm32f4xx_hal_crc.c...
compiling system_stm32f4xx.c...
compiling event_groups.c...
compiling stm32f4xx_hal_tim_ex.c...
compiling list.c...
compiling stm32f4xx_hal_uart.c...
compiling stm32f4xx_hal_spi.c...
compiling heap_4.c...
compiling queue.c...
compiling stream_buffer.c...
compiling timers.c...
compiling stm32f4xx_hal_tim.c...
compiling port.c...
compiling commonTask.c...
compiling gimbalTask.c...
compiling tasks.c...
compiling chassisTask.c...
compiling cmsis_os2.c...
compiling shootTask.c...
compiling bsp_uart.c...
compiling user_CRC.c...
compiling refree_sys.c...
linking...
Program Size: Code=35272 RO-data=1512 RW-data=20 ZI-data=83652  
FromELF: creating hex file...
"TUT-Robomaster-ElectronicControl\TUT-Robomaster-ElectronicControl.axf" - 0 Error(s), 0 Warning(s).

<h2>Software Packages used:</h2>

Package Vendor: ARM
                http://www.keil.com/pack/ARM.CMSIS.5.7.0.pack
                ARM.CMSIS.5.7.0
                CMSIS (Cortex Microcontroller Software Interface Standard)
   * Component: CORE Version: 5.4.0

Package Vendor: Keil
                http://www.keil.com/pack/Keil.STM32F4xx_DFP.2.15.0.pack
                Keil.STM32F4xx_DFP.2.15.0
                STMicroelectronics STM32F4 Series Device Support, Drivers and Examples

<h2>Collection of Component include folders:</h2>
  .\RTE\_TUT-Robomaster-ElectronicControl
  C:\Users\lujin\AppData\Local\Arm\Packs\ARM\CMSIS\5.7.0\CMSIS\Core\Include
  C:\Users\lujin\AppData\Local\Arm\Packs\Keil\STM32F4xx_DFP\2.15.0\Drivers\CMSIS\Device\ST\STM32F4xx\Include

<h2>Collection of Component Files used:</h2>

   * Component: ARM::CMSIS:CORE:5.4.0
Build Time Elapsed:  00:00:03
</pre>
</body>
</html>
